// Jest Snapshot v1, https://goo.gl/fbAQLP

exports[`componenets/ExpenseListItem should render ExpenseListItem with provided values 1`] = `
<div>
  <h3>
    <Link
      replace={false}
      to="/edit/1"
    >
      Gum
    </Link>
  </h3>
  <p>
    Amount: 
    195
  </p>
  <p>
    Date: 
    0
  </p>
</div>
`;
