// Jest Snapshot v1, https://goo.gl/fbAQLP

exports[`components/ExpenseDashboardPage should render ExpenseDashboardPage correctly 1`] = `
<div>
  <Connect(ExpenseSummary) />
  <Connect(ExpenseListFilters) />
  <Connect(ExpenseList) />
</div>
`;
